---
source: tests/install_command.rs
expression: "task_names.join(\"\\n\")"
---
Enable developer mode
Configure sparse checkout
Update repository
Configure Git
Install Git hooks
Generate shell completions
Install packages
Install paru
Install AUR packages
Install symlinks
Apply file permissions
Configure default shell
Configure systemd units
Apply registry settings
Install VS Code extensions
Install Copilot plugins
Install wsl.conf
Load overlay scripts
Install wrapper
Configure PATH
Reload configuration
