---
source: tests/install_command.rs
expression: "task_names.join(\"\\n\")"
---
Enable developer mode
Configure sparse checkout
Update repository
Configure Git
Configure Copilot
Install Git hooks
Install shell completions
Install packages
Install paru
Install AUR packages
Install symlinks
Configure file permissions
Configure default shell
Configure systemd units
Configure PAM services
Configure registry settings
Install VS Code extensions
Install APM packages
Update APM packages
Install wsl.conf
Report overlay script snapshot
Install wrapper
Configure PATH
Reload configuration
