---
source: tests/install_command.rs
assertion_line: 44
expression: "task_names.join(\"\\n\")"
---
Windows Developer Mode
Excluded home files
Sparse checkout
Dotfiles repository
Git settings
Copilot settings
Git hooks
Shell completions
System packages
Paru package manager
AUR packages
Home symlinks
File permissions
Default shell
Systemd units
Windows registry
VS Code extensions
APM packages
APM package updates
WSL configuration files
Report overlay scripts
Dotfiles launcher
Shell PATH
Reload configuration
